// Jest Snapshot v1, https://goo.gl/fbAQLP

exports[`CartHeader Component Component Rendernig With Value Template (count = 1) 1`] = `
<div>
  <p>
    سبد خرید (
    ۱
    )
  </p>
  <img
    alt="delete-icon"
    onClick={[Function]}
    src=""
  />
</div>
`;
